<?xml version="1.0" encoding="UTF-8"?>
<testsuites name="Mocha Tests" time="0.330" tests="2" failures="1">
  <testsuite name="Root Suite" timestamp="2023-01-28T08:12:47" tests="0" time="0.000" failures="0">
  </testsuite>
  <testsuite name="Users" timestamp="2023-01-28T08:12:47" tests="0" file="/home/vienna/Documents/project/inhouse/CoderSpace-Api/test/routes.js" time="0.000" failures="0">
  </testsuite>
  <testsuite name="/GET user details" timestamp="2023-01-28T08:12:47" tests="1" file="/home/vienna/Documents/project/inhouse/CoderSpace-Api/test/routes.js" time="0.320" failures="0">
    <testcase name="Users /GET user details it should GET the user" time="0.315" classname="it should GET the user">
    </testcase>
  </testsuite>
  <testsuite name="/POST book" timestamp="2023-01-28T08:12:47" tests="1" file="/home/vienna/Documents/project/inhouse/CoderSpace-Api/test/routes.js" time="0.005" failures="1">
    <testcase name="Users /POST book it should not POST a book without pages field" time="0.001" classname="it should not POST a book without pages field">
      <failure message="server is not defined" type="ReferenceError"><![CDATA[ReferenceError: server is not defined
    at Context.<anonymous> (test/routes.js:44:18)
    at processImmediate (node:internal/timers:471:21)]]></failure>
    </testcase>
  </testsuite>
</testsuites>